\BOOKMARK [1][-]{section.1}{Math}{}% 1
\BOOKMARK [1][-]{section.2}{Image}{}% 2
\BOOKMARK [1][-]{section.3}{Gist}{}% 3
\BOOKMARK [1][-]{section.4}{Post\040Link}{}% 4
